.next/dev/types/validator.ts(105,39): error TS2307: Cannot find module '../../../src/app/dashboard/courses/page.js' or its corresponding type declarations.
src/app/dashboard/classes/page.tsx(134,57): error TS2304: Cannot find name 'Cookies'.
src/app/dashboard/classes/page.tsx(145,57): error TS2304: Cannot find name 'Cookies'.
src/app/dashboard/classes/page.tsx(165,85): error TS2304: Cannot find name 'Cookies'.
